// Jest Snapshot v1, https://goo.gl/fbAQLP

exports[`NotificationSettingsEmailIos should match snapshot, renderEmailSection 1`] = `
<section
  disableFooter={false}
  footerDefaultMessage="Email notifications are sent for mentions and direct messages when you are offline or away for more than 5 minutes."
  footerId="user.settings.notifications.emailInfo"
  headerDefaultMessage="SEND EMAIL NOTIFICATIONS"
  headerId="mobile.notification_settings.email.send"
  theme={
    Object {
      "awayIndicator": "#ffbc1f",
      "buttonBg": "#1c58d9",
      "buttonColor": "#ffffff",
      "centerChannelBg": "#ffffff",
      "centerChannelColor": "#3f4350",
      "codeTheme": "github",
      "dndIndicator": "#d24b4e",
      "errorTextColor": "#d24b4e",
      "linkColor": "#386fe5",
      "mentionBg": "#ffffff",
      "mentionColor": "#1e325c",
      "mentionHighlightBg": "#ffd470",
      "mentionHighlightLink": "#1b1d22",
      "newMessageSeparator": "#cc8f00",
      "onlineIndicator": "#3db887",
      "sidebarBg": "#1e325c",
      "sidebarHeaderBg": "#192a4d",
      "sidebarHeaderTextColor": "#ffffff",
      "sidebarTeamBarBg": "#14213e",
      "sidebarText": "#ffffff",
      "sidebarTextActiveBorder": "#5d89ea",
      "sidebarTextActiveColor": "#ffffff",
      "sidebarTextHoverBg": "#28427b",
      "sidebarUnreadText": "#ffffff",
      "type": "Denim",
    }
  }
>
  <View>
    <sectionItem
      action={[Function]}
      actionType="select"
      actionValue="30"
      label={
        <InjectIntl(FormattedText)
          defaultMessage="Immediately"
          id="user.settings.notifications.email.immediately"
        />
      }
      selected={true}
      testID="notification_settings_email.immediately.action"
      theme={
        Object {
          "awayIndicator": "#ffbc1f",
          "buttonBg": "#1c58d9",
          "buttonColor": "#ffffff",
          "centerChannelBg": "#ffffff",
          "centerChannelColor": "#3f4350",
          "codeTheme": "github",
          "dndIndicator": "#d24b4e",
          "errorTextColor": "#d24b4e",
          "linkColor": "#386fe5",
          "mentionBg": "#ffffff",
          "mentionColor": "#1e325c",
          "mentionHighlightBg": "#ffd470",
          "mentionHighlightLink": "#1b1d22",
          "newMessageSeparator": "#cc8f00",
          "onlineIndicator": "#3db887",
          "sidebarBg": "#1e325c",
          "sidebarHeaderBg": "#192a4d",
          "sidebarHeaderTextColor": "#ffffff",
          "sidebarTeamBarBg": "#14213e",
          "sidebarText": "#ffffff",
          "sidebarTextActiveBorder": "#5d89ea",
          "sidebarTextActiveColor": "#ffffff",
          "sidebarTextHoverBg": "#28427b",
          "sidebarUnreadText": "#ffffff",
          "type": "Denim",
        }
      }
    />
    <View
      style={
        Object {
          "backgroundColor": undefined,
          "flex": 1,
          "height": 1,
          "marginLeft": 15,
        }
      }
    />
    <sectionItem
      action={[Function]}
      actionType="select"
      actionValue="0"
      label={
        <InjectIntl(FormattedText)
          defaultMessage="Never"
          id="user.settings.notifications.email.never"
        />
      }
      selected={false}
      testID="notification_settings_email.never.action"
      theme={
        Object {
          "awayIndicator": "#ffbc1f",
          "buttonBg": "#1c58d9",
          "buttonColor": "#ffffff",
          "centerChannelBg": "#ffffff",
          "centerChannelColor": "#3f4350",
          "codeTheme": "github",
          "dndIndicator": "#d24b4e",
          "errorTextColor": "#d24b4e",
          "linkColor": "#386fe5",
          "mentionBg": "#ffffff",
          "mentionColor": "#1e325c",
          "mentionHighlightBg": "#ffd470",
          "mentionHighlightLink": "#1b1d22",
          "newMessageSeparator": "#cc8f00",
          "onlineIndicator": "#3db887",
          "sidebarBg": "#1e325c",
          "sidebarHeaderBg": "#192a4d",
          "sidebarHeaderTextColor": "#ffffff",
          "sidebarTeamBarBg": "#14213e",
          "sidebarText": "#ffffff",
          "sidebarTextActiveBorder": "#5d89ea",
          "sidebarTextActiveColor": "#ffffff",
          "sidebarTextHoverBg": "#28427b",
          "sidebarUnreadText": "#ffffff",
          "type": "Denim",
        }
      }
    />
  </View>
</section>
`;

exports[`NotificationSettingsEmailIos should match snapshot, renderEmailThreadsSection 1`] = `
<section
  footerDefaultMessage="When enabled, any reply to a thread you're following will send an email notification."
  footerId="user.settings.notifications.email_threads.info"
  headerDefaultMessage="THREAD REPLY NOTIFICATIONS"
  headerId="user.settings.notifications.email_threads.title"
  theme={
    Object {
      "awayIndicator": "#ffbc1f",
      "buttonBg": "#1c58d9",
      "buttonColor": "#ffffff",
      "centerChannelBg": "#ffffff",
      "centerChannelColor": "#3f4350",
      "codeTheme": "github",
      "dndIndicator": "#d24b4e",
      "errorTextColor": "#d24b4e",
      "linkColor": "#386fe5",
      "mentionBg": "#ffffff",
      "mentionColor": "#1e325c",
      "mentionHighlightBg": "#ffd470",
      "mentionHighlightLink": "#1b1d22",
      "newMessageSeparator": "#cc8f00",
      "onlineIndicator": "#3db887",
      "sidebarBg": "#1e325c",
      "sidebarHeaderBg": "#192a4d",
      "sidebarHeaderTextColor": "#ffffff",
      "sidebarTeamBarBg": "#14213e",
      "sidebarText": "#ffffff",
      "sidebarTextActiveBorder": "#5d89ea",
      "sidebarTextActiveColor": "#ffffff",
      "sidebarTextHoverBg": "#28427b",
      "sidebarUnreadText": "#ffffff",
      "type": "Denim",
    }
  }
>
  <sectionItem
    action={[Function]}
    actionType="toggle"
    description={<View />}
    label={
      <InjectIntl(FormattedText)
        defaultMessage="Notify me about all replies to threads I'm following"
        id="user.settings.notifications.email_threads.description"
      />
    }
    selected={true}
    theme={
      Object {
        "awayIndicator": "#ffbc1f",
        "buttonBg": "#1c58d9",
        "buttonColor": "#ffffff",
        "centerChannelBg": "#ffffff",
        "centerChannelColor": "#3f4350",
        "codeTheme": "github",
        "dndIndicator": "#d24b4e",
        "errorTextColor": "#d24b4e",
        "linkColor": "#386fe5",
        "mentionBg": "#ffffff",
        "mentionColor": "#1e325c",
        "mentionHighlightBg": "#ffd470",
        "mentionHighlightLink": "#1b1d22",
        "newMessageSeparator": "#cc8f00",
        "onlineIndicator": "#3db887",
        "sidebarBg": "#1e325c",
        "sidebarHeaderBg": "#192a4d",
        "sidebarHeaderTextColor": "#ffffff",
        "sidebarTeamBarBg": "#14213e",
        "sidebarText": "#ffffff",
        "sidebarTextActiveBorder": "#5d89ea",
        "sidebarTextActiveColor": "#ffffff",
        "sidebarTextHoverBg": "#28427b",
        "sidebarUnreadText": "#ffffff",
        "type": "Denim",
      }
    }
  />
  <View
    style={Object {}}
  />
</section>
`;
