// Jest Snapshot v1, https://goo.gl/fbAQLP

exports[`SidebarSettings should match, full snapshot 1`] = `null`;

exports[`SidebarSettings should match, full snapshot 2`] = `
<RNCSafeAreaView
  edges={
    Array [
      "left",
      "right",
    ]
  }
  style={
    Object {
      "backgroundColor": "#ffffff",
      "flex": 1,
    }
  }
>
  <Connect(StatusBar) />
  <View
    style={
      Object {
        "backgroundColor": "rgba(63,67,80,0.06)",
        "flex": 1,
        "paddingTop": 35,
      }
    }
  >
    <section
      disableHeader={true}
      theme={
        Object {
          "awayIndicator": "#ffbc1f",
          "buttonBg": "#1c58d9",
          "buttonColor": "#ffffff",
          "centerChannelBg": "#ffffff",
          "centerChannelColor": "#3f4350",
          "codeTheme": "github",
          "dndIndicator": "#d24b4e",
          "errorTextColor": "#d24b4e",
          "linkColor": "#386fe5",
          "mentionBg": "#ffffff",
          "mentionColor": "#1e325c",
          "mentionHighlightBg": "#ffd470",
          "mentionHighlightLink": "#1b1d22",
          "newMessageSeparator": "#cc8f00",
          "onlineIndicator": "#3db887",
          "sidebarBg": "#1e325c",
          "sidebarHeaderBg": "#192a4d",
          "sidebarHeaderTextColor": "#ffffff",
          "sidebarTeamBarBg": "#14213e",
          "sidebarText": "#ffffff",
          "sidebarTextActiveBorder": "#5d89ea",
          "sidebarTextActiveColor": "#ffffff",
          "sidebarTextHoverBg": "#28427b",
          "sidebarUnreadText": "#ffffff",
          "type": "Denim",
        }
      }
    >
      <View
        style={
          Object {
            "backgroundColor": "rgba(63,67,80,0.1)",
            "height": 1,
          }
        }
      />
      <sectionItem
        action={[Function]}
        actionType="toggle"
        description={
          <InjectIntl(FormattedText)
            defaultMessage="Keep the sidebar open permanently"
            id="mobile.sidebar_settings.permanent_description"
          />
        }
        label={
          <InjectIntl(FormattedText)
            defaultMessage="Permanent Sidebar"
            id="mobile.sidebar_settings.permanent"
          />
        }
        selected={false}
        theme={
          Object {
            "awayIndicator": "#ffbc1f",
            "buttonBg": "#1c58d9",
            "buttonColor": "#ffffff",
            "centerChannelBg": "#ffffff",
            "centerChannelColor": "#3f4350",
            "codeTheme": "github",
            "dndIndicator": "#d24b4e",
            "errorTextColor": "#d24b4e",
            "linkColor": "#386fe5",
            "mentionBg": "#ffffff",
            "mentionColor": "#1e325c",
            "mentionHighlightBg": "#ffd470",
            "mentionHighlightLink": "#1b1d22",
            "newMessageSeparator": "#cc8f00",
            "onlineIndicator": "#3db887",
            "sidebarBg": "#1e325c",
            "sidebarHeaderBg": "#192a4d",
            "sidebarHeaderTextColor": "#ffffff",
            "sidebarTeamBarBg": "#14213e",
            "sidebarText": "#ffffff",
            "sidebarTextActiveBorder": "#5d89ea",
            "sidebarTextActiveColor": "#ffffff",
            "sidebarTextHoverBg": "#28427b",
            "sidebarUnreadText": "#ffffff",
            "type": "Denim",
          }
        }
      />
      <View
        style={
          Object {
            "backgroundColor": "rgba(63,67,80,0.1)",
            "height": 1,
          }
        }
      />
    </section>
  </View>
</RNCSafeAreaView>
`;
