// Jest Snapshot v1, https://goo.gl/fbAQLP

exports[`TermsOfService should enable/disable navigator buttons on setNavigatorButtons true/false 1`] = `
<RNCSafeAreaView
  style={
    Object {
      "flex": 1,
    }
  }
>
  <Connect(StatusBar) />
  <ScrollView
    contentContainerStyle={
      Object {
        "paddingBottom": 50,
      }
    }
    style={
      Object {
        "backgroundColor": "#ffffff",
        "flex": 1,
        "padding": 30,
      }
    }
  >
    <Connect(Markdown)
      baseTextStyle={
        Object {
          "color": "#3f4350",
          "fontSize": 15,
          "lineHeight": 20,
        }
      }
      blockStyles={
        Object {
          "adjacentParagraph": Object {
            "marginTop": 6,
          },
          "horizontalRule": Object {
            "backgroundColor": "#3f4350",
            "height": 0.5,
            "marginVertical": 10,
          },
          "quoteBlockIcon": Object {
            "color": undefined,
          },
        }
      }
      disableAtMentions={true}
      disableChannelLink={true}
      disableGallery={true}
      disableHashtags={true}
      textStyles={
        Object {
          "code": Object {
            "alignSelf": "center",
            "backgroundColor": undefined,
            "fontFamily": "Menlo",
          },
          "codeBlock": Object {
            "fontFamily": "Menlo",
          },
          "del": Object {
            "textDecorationLine": "line-through",
          },
          "emph": Object {
            "fontStyle": "italic",
          },
          "error": Object {
            "color": "#d24b4e",
          },
          "heading1": Object {
            "fontSize": 17,
            "fontWeight": "700",
            "lineHeight": 25,
          },
          "heading1Text": Object {
            "paddingBottom": 8,
          },
          "heading2": Object {
            "fontSize": 17,
            "fontWeight": "700",
            "lineHeight": 25,
          },
          "heading2Text": Object {
            "paddingBottom": 8,
          },
          "heading3": Object {
            "fontSize": 17,
            "fontWeight": "700",
            "lineHeight": 25,
          },
          "heading3Text": Object {
            "paddingBottom": 8,
          },
          "heading4": Object {
            "fontSize": 17,
            "fontWeight": "700",
            "lineHeight": 25,
          },
          "heading4Text": Object {
            "paddingBottom": 8,
          },
          "heading5": Object {
            "fontSize": 17,
            "fontWeight": "700",
            "lineHeight": 25,
          },
          "heading5Text": Object {
            "paddingBottom": 8,
          },
          "heading6": Object {
            "fontSize": 17,
            "fontWeight": "700",
            "lineHeight": 25,
          },
          "heading6Text": Object {
            "paddingBottom": 8,
          },
          "link": Object {
            "color": "#386fe5",
          },
          "mention": Object {
            "color": "#386fe5",
          },
          "mention_highlight": Object {
            "backgroundColor": "#ffd470",
            "color": "#1b1d22",
          },
          "strong": Object {
            "fontWeight": "bold",
          },
          "table_header_row": Object {
            "fontWeight": "700",
          },
        }
      }
      value="Terms Text"
    />
  </ScrollView>
</RNCSafeAreaView>
`;

exports[`TermsOfService should enable/disable navigator buttons on setNavigatorButtons true/false 2`] = `
<RNCSafeAreaView
  style={
    Object {
      "flex": 1,
    }
  }
>
  <Connect(StatusBar) />
  <ScrollView
    contentContainerStyle={
      Object {
        "paddingBottom": 50,
      }
    }
    style={
      Object {
        "backgroundColor": "#ffffff",
        "flex": 1,
        "padding": 30,
      }
    }
  >
    <Connect(Markdown)
      baseTextStyle={
        Object {
          "color": "#3f4350",
          "fontSize": 15,
          "lineHeight": 20,
        }
      }
      blockStyles={
        Object {
          "adjacentParagraph": Object {
            "marginTop": 6,
          },
          "horizontalRule": Object {
            "backgroundColor": "#3f4350",
            "height": 0.5,
            "marginVertical": 10,
          },
          "quoteBlockIcon": Object {
            "color": undefined,
          },
        }
      }
      disableAtMentions={true}
      disableChannelLink={true}
      disableGallery={true}
      disableHashtags={true}
      textStyles={
        Object {
          "code": Object {
            "alignSelf": "center",
            "backgroundColor": undefined,
            "fontFamily": "Menlo",
          },
          "codeBlock": Object {
            "fontFamily": "Menlo",
          },
          "del": Object {
            "textDecorationLine": "line-through",
          },
          "emph": Object {
            "fontStyle": "italic",
          },
          "error": Object {
            "color": "#d24b4e",
          },
          "heading1": Object {
            "fontSize": 17,
            "fontWeight": "700",
            "lineHeight": 25,
          },
          "heading1Text": Object {
            "paddingBottom": 8,
          },
          "heading2": Object {
            "fontSize": 17,
            "fontWeight": "700",
            "lineHeight": 25,
          },
          "heading2Text": Object {
            "paddingBottom": 8,
          },
          "heading3": Object {
            "fontSize": 17,
            "fontWeight": "700",
            "lineHeight": 25,
          },
          "heading3Text": Object {
            "paddingBottom": 8,
          },
          "heading4": Object {
            "fontSize": 17,
            "fontWeight": "700",
            "lineHeight": 25,
          },
          "heading4Text": Object {
            "paddingBottom": 8,
          },
          "heading5": Object {
            "fontSize": 17,
            "fontWeight": "700",
            "lineHeight": 25,
          },
          "heading5Text": Object {
            "paddingBottom": 8,
          },
          "heading6": Object {
            "fontSize": 17,
            "fontWeight": "700",
            "lineHeight": 25,
          },
          "heading6Text": Object {
            "paddingBottom": 8,
          },
          "link": Object {
            "color": "#386fe5",
          },
          "mention": Object {
            "color": "#386fe5",
          },
          "mention_highlight": Object {
            "backgroundColor": "#ffd470",
            "color": "#1b1d22",
          },
          "strong": Object {
            "fontWeight": "bold",
          },
          "table_header_row": Object {
            "fontWeight": "700",
          },
        }
      }
      value="Terms Text"
    />
  </ScrollView>
</RNCSafeAreaView>
`;

exports[`TermsOfService should match snapshot 1`] = `
<Loading
  color="#3f4350"
  size="large"
  style={Object {}}
/>
`;

exports[`TermsOfService should match snapshot for fail of get terms 1`] = `
<View
  style={
    Object {
      "flex": 1,
    }
  }
>
  <Connect(StatusBar) />
  <Connect(FailedNetworkAction)
    onRetry={[Function]}
    theme={
      Object {
        "awayIndicator": "#ffbc1f",
        "buttonBg": "#1c58d9",
        "buttonColor": "#ffffff",
        "centerChannelBg": "#ffffff",
        "centerChannelColor": "#3f4350",
        "codeTheme": "github",
        "dndIndicator": "#d24b4e",
        "errorTextColor": "#d24b4e",
        "linkColor": "#386fe5",
        "mentionBg": "#ffffff",
        "mentionColor": "#1e325c",
        "mentionHighlightBg": "#ffd470",
        "mentionHighlightLink": "#1b1d22",
        "newMessageSeparator": "#cc8f00",
        "onlineIndicator": "#3db887",
        "sidebarBg": "#1e325c",
        "sidebarHeaderBg": "#192a4d",
        "sidebarHeaderTextColor": "#ffffff",
        "sidebarTeamBarBg": "#14213e",
        "sidebarText": "#ffffff",
        "sidebarTextActiveBorder": "#5d89ea",
        "sidebarTextActiveColor": "#ffffff",
        "sidebarTextHoverBg": "#28427b",
        "sidebarUnreadText": "#ffffff",
        "type": "Denim",
      }
    }
  />
</View>
`;

exports[`TermsOfService should match snapshot for get terms 1`] = `
<Loading
  color="#3f4350"
  size="large"
  style={Object {}}
/>
`;

exports[`TermsOfService should match snapshot on enableNavigatorLogout 1`] = `
<RNCSafeAreaView
  style={
    Object {
      "flex": 1,
    }
  }
>
  <Connect(StatusBar) />
  <ScrollView
    contentContainerStyle={
      Object {
        "paddingBottom": 50,
      }
    }
    style={
      Object {
        "backgroundColor": "#ffffff",
        "flex": 1,
        "padding": 30,
      }
    }
  >
    <Connect(Markdown)
      baseTextStyle={
        Object {
          "color": "#3f4350",
          "fontSize": 15,
          "lineHeight": 20,
        }
      }
      blockStyles={
        Object {
          "adjacentParagraph": Object {
            "marginTop": 6,
          },
          "horizontalRule": Object {
            "backgroundColor": "#3f4350",
            "height": 0.5,
            "marginVertical": 10,
          },
          "quoteBlockIcon": Object {
            "color": undefined,
          },
        }
      }
      disableAtMentions={true}
      disableChannelLink={true}
      disableGallery={true}
      disableHashtags={true}
      textStyles={
        Object {
          "code": Object {
            "alignSelf": "center",
            "backgroundColor": undefined,
            "fontFamily": "Menlo",
          },
          "codeBlock": Object {
            "fontFamily": "Menlo",
          },
          "del": Object {
            "textDecorationLine": "line-through",
          },
          "emph": Object {
            "fontStyle": "italic",
          },
          "error": Object {
            "color": "#d24b4e",
          },
          "heading1": Object {
            "fontSize": 17,
            "fontWeight": "700",
            "lineHeight": 25,
          },
          "heading1Text": Object {
            "paddingBottom": 8,
          },
          "heading2": Object {
            "fontSize": 17,
            "fontWeight": "700",
            "lineHeight": 25,
          },
          "heading2Text": Object {
            "paddingBottom": 8,
          },
          "heading3": Object {
            "fontSize": 17,
            "fontWeight": "700",
            "lineHeight": 25,
          },
          "heading3Text": Object {
            "paddingBottom": 8,
          },
          "heading4": Object {
            "fontSize": 17,
            "fontWeight": "700",
            "lineHeight": 25,
          },
          "heading4Text": Object {
            "paddingBottom": 8,
          },
          "heading5": Object {
            "fontSize": 17,
            "fontWeight": "700",
            "lineHeight": 25,
          },
          "heading5Text": Object {
            "paddingBottom": 8,
          },
          "heading6": Object {
            "fontSize": 17,
            "fontWeight": "700",
            "lineHeight": 25,
          },
          "heading6Text": Object {
            "paddingBottom": 8,
          },
          "link": Object {
            "color": "#386fe5",
          },
          "mention": Object {
            "color": "#386fe5",
          },
          "mention_highlight": Object {
            "backgroundColor": "#ffd470",
            "color": "#1b1d22",
          },
          "strong": Object {
            "fontWeight": "bold",
          },
          "table_header_row": Object {
            "fontWeight": "700",
          },
        }
      }
      value="Terms Text"
    />
  </ScrollView>
</RNCSafeAreaView>
`;
