// Jest Snapshot v1, https://goo.gl/fbAQLP

exports[`ChannelsList FilteredList should match snapshot 1`] = `
<FilteredList
  actions={
    Object {
      "getProfilesInTeam": [MockFunction],
      "makeGroupMessageVisibleIfNecessary": [MockFunction],
      "searchChannels": [MockFunction],
      "searchProfiles": [MockFunction],
    }
  }
  archivedChannels={Array []}
  channels={Object {}}
  currentChannel={Object {}}
  currentTeam={Object {}}
  currentUserId="current-user-id"
  groupChannelMemberDetails={Object {}}
  intl={
    Object {
      "defaultFormats": Object {},
      "defaultLocale": "en",
      "formatDate": [Function],
      "formatHTMLMessage": [Function],
      "formatMessage": [Function],
      "formatNumber": [Function],
      "formatPlural": [Function],
      "formatRelative": [Function],
      "formatTime": [Function],
      "formats": Object {},
      "formatters": Object {
        "getDateTimeFormat": [Function],
        "getMessageFormat": [Function],
        "getNumberFormat": [Function],
        "getPluralFormat": [Function],
        "getRelativeFormat": [Function],
      },
      "locale": "en",
      "messages": Object {},
      "now": [Function],
      "onError": [Function],
      "textComponent": "span",
      "timeZone": null,
    }
  }
  isLandscape={false}
  onSelectChannel={[MockFunction]}
  otherChannels={Array []}
  pastDirectMessages={Array []}
  profiles={Object {}}
  restrictDms={false}
  searchOrder={Array []}
  statuses={Object {}}
  styles={Object {}}
  teamProfiles={Object {}}
  teammateNameDisplay="teammate-name-display"
  term="term"
  testID="main.sidebar.channels_list.filtered_list"
  theme={
    Object {
      "awayIndicator": "#ffbc1f",
      "buttonBg": "#1c58d9",
      "buttonColor": "#ffffff",
      "centerChannelBg": "#ffffff",
      "centerChannelColor": "#3f4350",
      "codeTheme": "github",
      "dndIndicator": "#d24b4e",
      "errorTextColor": "#d24b4e",
      "linkColor": "#386fe5",
      "mentionBg": "#ffffff",
      "mentionColor": "#1e325c",
      "mentionHighlightBg": "#ffd470",
      "mentionHighlightLink": "#1b1d22",
      "newMessageSeparator": "#cc8f00",
      "onlineIndicator": "#3db887",
      "sidebarBg": "#1e325c",
      "sidebarHeaderBg": "#192a4d",
      "sidebarHeaderTextColor": "#ffffff",
      "sidebarTeamBarBg": "#14213e",
      "sidebarText": "#ffffff",
      "sidebarTextActiveBorder": "#5d89ea",
      "sidebarTextActiveColor": "#ffffff",
      "sidebarTextHoverBg": "#28427b",
      "sidebarUnreadText": "#ffffff",
      "type": "Denim",
    }
  }
/>
`;
