// Jest Snapshot v1, https://goo.gl/fbAQLP

exports[`SettingsSidebarDrawerButton should match, full snapshot 1`] = `
<TouchableOpacity
  accessibilityHint="Opens the more options right hand sidebar"
  accessibilityLabel="More Options"
  accessibilityRole="button"
  accessible={true}
  onPress={[Function]}
  style={
    Object {
      "width": 44,
    }
  }
  testID="settings_sidebar_drawer.button"
>
  <View
    style={
      Object {
        "alignItems": "center",
        "flex": 1,
        "flexDirection": "column",
        "justifyContent": "center",
        "marginLeft": 8,
      }
    }
  >
    <CompassIcon
      color="#ffffff"
      name="dots-vertical"
      size={25}
    />
  </View>
</TouchableOpacity>
`;
