// Jest Snapshot v1, https://goo.gl/fbAQLP

exports[`ChannelPostList should match snapshot 1`] = `
<ForwardRef(AnimatedComponentWrapper)
  style={
    Array [
      Object {
        "flex": 1,
      },
      Object {
        "paddingBottom": 0,
      },
    ]
  }
>
  <View
    style={
      Object {
        "backgroundColor": "rgba(63,67,80,0.2)",
        "height": 1,
      }
    }
  />
  <Connect(InjectIntl(PostList))
    channelId="channel-id"
    extraData={false}
    indicateNewMessages={true}
    loadMorePostsVisible={false}
    location="Channel"
    onLoadMoreUp={[Function]}
    postIds={Array []}
    refreshing={false}
    renderFooter={[Function]}
    scrollViewNativeID="channel-id"
    showMoreMessagesButton={true}
    testID="channel.post_list"
  />
  <Connect(RetryBarIndicator) />
</ForwardRef(AnimatedComponentWrapper)>
`;
