// Jest Snapshot v1, https://goo.gl/fbAQLP

exports[`Permalink should match snapshot 1`] = `
<Connect(SafeArea)
  backgroundColor="transparent"
  excludeHeader={true}
  footerColor="transparent"
>
  <View
    style={
      Object {
        "flex": 1,
        "marginTop": 20,
      }
    }
    testID="permalink.screen"
  >
    <withAnimatable(View)
      animation="zoomIn"
      delay={0}
      direction="normal"
      duration={200}
      iterationCount={1}
      iterationDelay={0}
      onAnimationBegin={[Function]}
      onAnimationEnd={[Function]}
      onTransitionBegin={[Function]}
      onTransitionEnd={[Function]}
      style={
        Object {
          "backgroundColor": "#ffffff",
          "borderRadius": 6,
          "flex": 1,
          "margin": 10,
          "opacity": 0,
        }
      }
      useNativeDriver={true}
    >
      <View
        style={
          Object {
            "alignItems": "center",
            "borderTopLeftRadius": 6,
            "borderTopRightRadius": 6,
            "flexDirection": "row",
            "height": 44,
            "paddingRight": 16,
            "width": "100%",
          }
        }
      >
        <TouchableOpacity
          onPress={[Function]}
          style={
            Object {
              "height": 44,
              "justifyContent": "center",
              "paddingLeft": 7,
              "width": 40,
            }
          }
        >
          <CompassIcon
            color="#3f4350"
            name="close"
            size={20}
          />
        </TouchableOpacity>
        <View
          style={
            Object {
              "alignItems": "center",
              "flex": 1,
              "paddingRight": 40,
            }
          }
        >
          <Text
            ellipsizeMode="tail"
            numberOfLines={1}
            style={
              Object {
                "color": "#3f4350",
                "fontSize": 17,
                "fontWeight": "600",
              }
            }
          >
            channel_name
          </Text>
        </View>
      </View>
      <View
        style={
          Object {
            "backgroundColor": "#ffffff",
          }
        }
      >
        <View
          style={
            Object {
              "backgroundColor": "rgba(63,67,80,0.2)",
              "height": 1,
            }
          }
        />
      </View>
      <View
        style={
          Array [
            Object {
              "flex": 1,
            },
            null,
          ]
        }
      >
        <Loading
          color="#3f4350"
          size="large"
          style={Object {}}
        />
      </View>
    </withAnimatable(View)>
  </View>
</Connect(SafeArea)>
`;

exports[`Permalink should match snapshot 2`] = `
<Text>
  <CompassIcon
    name="archive-outline"
    style={
      Array [
        Object {
          "color": "#3f4350",
          "fontSize": 16,
          "paddingRight": 20,
        },
      ]
    }
  />
   
</Text>
`;
