// Jest Snapshot v1, https://goo.gl/fbAQLP

exports[`UploadItem downloadAndUploadFile should match, full snapshot 1`] = `
<View
  style={
    Object {
      "marginLeft": 12,
      "paddingTop": 5,
    }
  }
>
  <View
    style={
      Object {
        "borderRadius": 4,
        "height": 56,
        "width": 56,
      }
    }
  >
    <TouchableOpacity
      onPress={[Function]}
    >
      <View
        style={
          Object {
            "height": 56,
            "width": 56,
          }
        }
      >
        <FileIcon
          backgroundColor="rgba(63,67,80,0.08)"
          file={
            Object {
              "loading": false,
            }
          }
          iconSize={60}
          theme={
            Object {
              "awayIndicator": "#ffbc1f",
              "buttonBg": "#1c58d9",
              "buttonColor": "#ffffff",
              "centerChannelBg": "#ffffff",
              "centerChannelColor": "#3f4350",
              "codeTheme": "github",
              "dndIndicator": "#d24b4e",
              "errorTextColor": "#d24b4e",
              "linkColor": "#386fe5",
              "mentionBg": "#ffffff",
              "mentionColor": "#1e325c",
              "mentionHighlightBg": "#ffd470",
              "mentionHighlightLink": "#1b1d22",
              "newMessageSeparator": "#cc8f00",
              "onlineIndicator": "#3db887",
              "sidebarBg": "#1e325c",
              "sidebarHeaderBg": "#192a4d",
              "sidebarHeaderTextColor": "#ffffff",
              "sidebarTeamBarBg": "#14213e",
              "sidebarText": "#ffffff",
              "sidebarTextActiveBorder": "#5d89ea",
              "sidebarTextActiveColor": "#ffffff",
              "sidebarTextHoverBg": "#28427b",
              "sidebarUnreadText": "#ffffff",
              "type": "Denim",
            }
          }
        />
      </View>
    </TouchableOpacity>
  </View>
  <UploadRemove
    channelId="channel-id"
    onPress={[Function]}
    theme={
      Object {
        "awayIndicator": "#ffbc1f",
        "buttonBg": "#1c58d9",
        "buttonColor": "#ffffff",
        "centerChannelBg": "#ffffff",
        "centerChannelColor": "#3f4350",
        "codeTheme": "github",
        "dndIndicator": "#d24b4e",
        "errorTextColor": "#d24b4e",
        "linkColor": "#386fe5",
        "mentionBg": "#ffffff",
        "mentionColor": "#1e325c",
        "mentionHighlightBg": "#ffd470",
        "mentionHighlightLink": "#1b1d22",
        "newMessageSeparator": "#cc8f00",
        "onlineIndicator": "#3db887",
        "sidebarBg": "#1e325c",
        "sidebarHeaderBg": "#192a4d",
        "sidebarHeaderTextColor": "#ffffff",
        "sidebarTeamBarBg": "#14213e",
        "sidebarText": "#ffffff",
        "sidebarTextActiveBorder": "#5d89ea",
        "sidebarTextActiveColor": "#ffffff",
        "sidebarTextHoverBg": "#28427b",
        "sidebarUnreadText": "#ffffff",
        "type": "Denim",
      }
    }
  />
</View>
`;
