// Jest Snapshot v1, https://goo.gl/fbAQLP

exports[`JoinCall should match snapshot 1`] = `
<View
  style={
    Object {
      "backgroundColor": "#ffffff",
    }
  }
>
  <Pressable
    onPress={[Function]}
    style={
      Array [
        Object {
          "alignItems": "center",
          "backgroundColor": "#3DB887",
          "flexDirection": "row",
          "height": 38,
          "justifyContent": "center",
          "padding": 5,
          "width": "100%",
        },
        false,
      ]
    }
  >
    <CompassIcon
      name="phone-in-talk"
      size={16}
      style={
        Object {
          "color": "#ffffff",
          "marginLeft": 10,
          "marginRight": 5,
        }
      }
    />
    <Text
      style={
        Object {
          "color": "#ffffff",
          "fontSize": 16,
          "fontWeight": "bold",
        }
      }
    >
      Join Call
    </Text>
    <Text
      style={
        Object {
          "color": "#ffffff",
          "flex": 1,
          "fontWeight": "400",
          "marginLeft": 10,
        }
      }
    >
      <FormattedRelativeTime
        updateIntervalInSeconds={1}
        value={100}
      />
    </Text>
    <View
      style={
        Object {
          "marginRight": 5,
        }
      }
    >
      <Connect(Avatars)
        breakAt={1}
        listTitle={
          <Text
            style={
              Object {
                "color": "rgba(63,67,80,0.56)",
                "fontSize": 12,
                "fontWeight": "600",
                "paddingHorizontal": 16,
                "paddingVertical": 0,
                "top": 16,
              }
            }
          >
            Call participants
          </Text>
        }
        userIds={
          Array [
            "user-1-id",
            "user-2-id",
          ]
        }
      />
    </View>
  </Pressable>
</View>
`;
